error[E0277]: the trait bound `MyStructBuilder<true, false, String>: HasReq2` is not satisfied
  --> tests/ui/generics_with_where_clause.rs:15:10
   |
15 |         .build();
   |          ^^^^^ the trait `HasReq2` is not implemented for `MyStructBuilder<true, false, String>`
   |
   = help: the trait `HasReq2` is implemented for `MyStructBuilder<P0, true, T>`
note: required by a bound in `MyStructBuilder::<P0, P1, T>::build`
  --> tests/ui/generics_with_where_clause.rs:1:10
   |
1  | #[derive(tidy_builder::Builder)]
   |          ^^^^^^^^^^^^^^^^^^^^^ required by this bound in `MyStructBuilder::<P0, P1, T>::build`
   = note: this error originates in the derive macro `tidy_builder::Builder` (in Nightly builds, run with -Z macro-backtrace for more info)
